<html>
<body>
<pre>
<h1>礦ision Build Log</h1>
<h2>Tool Versions:</h2>
IDE-Version: μVision V5.17.0.0
Copyright (C) 2015 ARM Ltd and ARM Germany GmbH. All rights reserved.
License Information: 11 22, 33, LIC=GMZJJ-U2ELA-GK7BG-VN7TF-CPL1Q-R9Z04
 
Tool Versions:
Toolchain:       MDK-ARM Standard  Version: 5.17
Toolchain Path:  C:\Keil_v5\ARM\ARMCC\Bin
C Compiler:      Armcc.exe V5.06 update 1 (build 61)
Assembler:       Armasm.exe V5.06 update 1 (build 61)
Linker/Locator:  ArmLink.exe V5.06 update 1 (build 61)
Library Manager: ArmAr.exe V5.06 update 1 (build 61)
Hex Converter:   FromElf.exe V5.06 update 1 (build 61)
CPU DLL:         SARMCM3.DLL V5.17
Dialog DLL:      DCM.DLL V1.13.4.0
Target DLL:      Segger\JL2CM3.dll V2.99.16.0
Dialog DLL:      TCM.DLL V1.14.6.0
 
<h2>Project:</h2>
D:\项目\钥匙柜\钥匙柜第三版\程序\双孔板(大改1)\PPdouble_Calib\USER\CAN.uvprojx
Project File Date:  02/11/2018

<h2>Output:</h2>
*** Using Compiler 'V5.06 update 1 (build 61)', folder: 'C:\Keil_v5\ARM\ARMCC\Bin'
Rebuild target 'CAN'
compiling stm32f10x_it.c...
compiling system_stm32f10x.c...
system_stm32f10x.c(447): warning:  #177-D: function "SetSysClock" was declared but never referenced
  static void SetSysClock(void)
system_stm32f10x.c: 1 warning, 0 errors
compiling main.c...
compiling led.c...
compiling key.c...
compiling can.c...
compiling timer.c...
compiling exti.c...
compiling lock.c...
compiling spi.c...
compiling DataFlash.c...
compiling FM1702_A.c...
compiling delay.c...
compiling usart.c...
assembling startup_stm32f10x_md.s...
compiling sys.c...
compiling core_cm3.c...
compiling misc.c...
compiling stm32f10x_fsmc.c...
compiling stm32f10x_gpio.c...
compiling stm32f10x_rcc.c...
compiling stm32f10x_can.c...
compiling stm32f10x_usart.c...
compiling stm32f10x_exti.c...
compiling stm32f10x_flash.c...
compiling stm32f10x_tim.c...
compiling stm32f10x_spi.c...
linking...
Program Size: Code=21760 RO-data=268 RW-data=200 ZI-data=3160  
FromELF: creating hex file...
"..\OBJ\CAN.axf" - 0 Error(s), 1 Warning(s).

<h2>Collection of Component include folders:</h2>
  D:\项目\钥匙柜\钥匙柜第三版\程序\双孔板(大改1)\PPdouble_Calib\USER\RTE
  C:\Keil_v5\ARM\PACK\Keil\STM32F1xx_DFP\2.0.0\Device\Include

<h2>Collection of Component Files used:</h2>
Build Time Elapsed:  00:00:05
</pre>
</body>
</html>
